C:\Users\differ>mysql -u root -h localhost -p
Enter password: ******
mysql> show databases;
+--------------------+
| Database           |
+--------------------+
| information_schema |
| mybatis            |
| mysql              |
| mysql_test         |
| performance_schema |
| sys                |
| test               |
+--------------------+
7 rows in set (0.00 sec)

mysql> use mybatis;
Database changed
mysql> show tables;
+-------------------+
| Tables_in_mybatis |
+-------------------+
| course            |
| student           |
| teacher           |
+-------------------+
3 rows in set (0.00 sec)

mysql> select * from student;
+------------+------+-------------+----------------------+------+--------+---------------------+---------------------+------+------+
| student_id | name | phone       | email                | sex  | locked | gmt_created         | gmt_modified        | cid  | tid  |
+------------+------+-------------+----------------------+------+--------+---------------------+---------------------+------+------+
|          1 | 小明 | 13821378270 | xiaoming@mybatis.cn  |    1 |      0 | 2020-08-09 15:16:09 | 2020-08-20 22:18:40 |    1 |    1 |
|          2 | 小丽 | 13821378271 | xiaoli@mybatis.cn    |    0 |      0 | 2020-08-09 15:16:09 | 2020-08-20 22:18:40 |    1 |    1 |
|          3 | 小刚 | 13821378272 | xiaogang@mybatis.cn  |    1 |      0 | 2020-08-09 15:16:09 | 2020-08-20 22:18:40 |    1 |    1 |
|          4 | 小花 | 13821378273 | xiaohua@mybatis.cn   |    0 |      0 | 2020-08-09 15:16:09 | 2020-08-20 22:18:40 |    1 |    1 |
|          5 | 小强 | 13821378274 | xiaoqiang@mybatis.cn |    1 |      0 | 2020-08-09 15:16:09 | 2020-08-20 22:18:40 |    1 |    1 |
|          6 | 小红 | 13821378275 | xiaohong@mybatis.cn  |    0 |      0 | 2020-08-09 15:16:09 | 2020-08-20 22:18:40 |    1 |    1 |
+------------+------+-------------+----------------------+------+--------+---------------------+---------------------+------+------+
6 rows in set (0.00 sec)
mysql> update student set name = '小红红红' where student_id = 6;
Query OK, 1 row affected (0.38 sec)
Rows matched: 1  Changed: 1  Warnings: 0

mysql> select * from student;
+------------+----------+-------------+----------------------+------+--------+---------------------+---------------------+------+------+
| student_id | name     | phone       | email                | sex  | locked | gmt_created         | gmt_modified        | cid  | tid  |
+------------+----------+-------------+----------------------+------+--------+---------------------+---------------------+------+------+
|          1 | 小明     | 13821378270 | xiaoming@mybatis.cn  |    1 |      0 | 2020-08-09 15:16:09 | 2020-08-20 22:18:40 |    1 |    1 |
|          2 | 小丽     | 13821378271 | xiaoli@mybatis.cn    |    0 |      0 | 2020-08-09 15:16:09 | 2020-08-20 22:18:40 |    1 |    1 |
|          3 | 小刚     | 13821378272 | xiaogang@mybatis.cn  |    1 |      0 | 2020-08-09 15:16:09 | 2020-08-20 22:18:40 |    1 |    1 |
|          4 | 小花     | 13821378273 | xiaohua@mybatis.cn   |    0 |      0 | 2020-08-09 15:16:09 | 2020-08-20 22:18:40 |    1 |    1 |
|          5 | 小强     | 13821378274 | xiaoqiang@mybatis.cn |    1 |      0 | 2020-08-09 15:16:09 | 2020-08-20 22:18:40 |    1 |    1 |
|          6 | 小红红红 | 13821378275 | xiaohong@mybatis.cn  |    0 |      0 | 2020-08-09 15:16:09 | 2020-08-23 22:34:11 |    1 |    1 |
+------------+----------+-------------+----------------------+------+--------+---------------------+---------------------+------+------+
6 rows in set (0.00 sec)

mysql> select * from student where name like '%刚';
+------------+------+-------------+---------------------+------+--------+---------------------+---------------------+------+------+
| student_id | name | phone       | email               | sex  | locked | gmt_created         | gmt_modified        | cid  | tid  |
+------------+------+-------------+---------------------+------+--------+---------------------+---------------------+------+------+
|          3 | 小刚 | 13821378272 | xiaogang@mybatis.cn |    1 |      0 | 2020-08-09 15:16:09 | 2020-08-20 22:18:40 |    1 |    1 |
+------------+------+-------------+---------------------+------+--------+---------------------+---------------------+------+------+
1 row in set (0.00 sec)

mysql> select * from student where name like '小%';
+------------+----------+-------------+----------------------+------+--------+---------------------+---------------------+------+------+
| student_id | name     | phone       | email                | sex  | locked | gmt_created         | gmt_modified        | cid  | tid  |
+------------+----------+-------------+----------------------+------+--------+---------------------+---------------------+------+------+
|          1 | 小明     | 13821378270 | xiaoming@mybatis.cn  |    1 |      0 | 2020-08-09 15:16:09 | 2020-08-20 22:18:40 |    1 |    1 |
|          2 | 小丽     | 13821378271 | xiaoli@mybatis.cn    |    0 |      0 | 2020-08-09 15:16:09 | 2020-08-20 22:18:40 |    1 |    1 |
|          3 | 小刚     | 13821378272 | xiaogang@mybatis.cn  |    1 |      0 | 2020-08-09 15:16:09 | 2020-08-20 22:18:40 |    1 |    1 |
|          4 | 小花     | 13821378273 | xiaohua@mybatis.cn   |    0 |      0 | 2020-08-09 15:16:09 | 2020-08-20 22:18:40 |    1 |    1 |
|          5 | 小强     | 13821378274 | xiaoqiang@mybatis.cn |    1 |      0 | 2020-08-09 15:16:09 | 2020-08-20 22:18:40 |    1 |    1 |
|          6 | 小红红红 | 13821378275 | xiaohong@mybatis.cn  |    0 |      0 | 2020-08-09 15:16:09 | 2020-08-23 22:34:11 |    1 |    1 |
+------------+----------+-------------+----------------------+------+--------+---------------------+---------------------+------+------+
6 rows in set (0.00 sec)

mysql> select * from student where name like '小_';
+------------+------+-------------+----------------------+------+--------+---------------------+---------------------+------+------+
| student_id | name | phone       | email                | sex  | locked | gmt_created         | gmt_modified        | cid  | tid  |
+------------+------+-------------+----------------------+------+--------+---------------------+---------------------+------+------+
|          1 | 小明 | 13821378270 | xiaoming@mybatis.cn  |    1 |      0 | 2020-08-09 15:16:09 | 2020-08-20 22:18:40 |    1 |    1 |
|          2 | 小丽 | 13821378271 | xiaoli@mybatis.cn    |    0 |      0 | 2020-08-09 15:16:09 | 2020-08-20 22:18:40 |    1 |    1 |
|          3 | 小刚 | 13821378272 | xiaogang@mybatis.cn  |    1 |      0 | 2020-08-09 15:16:09 | 2020-08-20 22:18:40 |    1 |    1 |
|          4 | 小花 | 13821378273 | xiaohua@mybatis.cn   |    0 |      0 | 2020-08-09 15:16:09 | 2020-08-20 22:18:40 |    1 |    1 |
|          5 | 小强 | 13821378274 | xiaoqiang@mybatis.cn |    1 |      0 | 2020-08-09 15:16:09 | 2020-08-20 22:18:40 |    1 |    1 |
+------------+------+-------------+----------------------+------+--------+---------------------+---------------------+------+------+
5 rows in set (0.00 sec)

mysql> select * from student where name like '小___';
+------------+----------+-------------+---------------------+------+--------+---------------------+---------------------+------+------+
| student_id | name     | phone       | email               | sex  | locked | gmt_created         | gmt_modified        | cid  | tid  |
+------------+----------+-------------+---------------------+------+--------+---------------------+---------------------+------+------+
|          6 | 小红红红 | 13821378275 | xiaohong@mybatis.cn |    0 |      0 | 2020-08-09 15:16:09 | 2020-08-23 22:34:11 |    1 |    1 |
+------------+----------+-------------+---------------------+------+--------+---------------------+---------------------+------+------+
1 row in set (0.00 sec)

mysql> select * from student where name like '%红%';
+------------+----------+-------------+---------------------+------+--------+---------------------+---------------------+------+------+
| student_id | name     | phone       | email               | sex  | locked | gmt_created         | gmt_modified        | cid  | tid  |
+------------+----------+-------------+---------------------+------+--------+---------------------+---------------------+------+------+
|          6 | 小红红红 | 13821378275 | xiaohong@mybatis.cn |    0 |      0 | 2020-08-09 15:16:09 | 2020-08-23 22:34:11 |    1 |    1 |
+------------+----------+-------------+---------------------+------+--------+---------------------+---------------------+------+------+
1 row in set (0.00 sec)

mysql> update student set name = '小红' where id = 5;
ERROR 1054 (42S22): Unknown column 'id' in 'where clause'
mysql> update student set name = '小红' where student_id = 5;
Query OK, 1 row affected (0.41 sec)
Rows matched: 1  Changed: 1  Warnings: 0

mysql> select * from student where name like '%红%';
+------------+----------+-------------+----------------------+------+--------+---------------------+---------------------+------+------+
| student_id | name     | phone       | email                | sex  | locked | gmt_created         | gmt_modified        | cid  | tid  |
+------------+----------+-------------+----------------------+------+--------+---------------------+---------------------+------+------+
|          5 | 小红     | 13821378274 | xiaoqiang@mybatis.cn |    1 |      0 | 2020-08-09 15:16:09 | 2020-08-23 22:38:07 |    1 |    1 |
|          6 | 小红红红 | 13821378275 | xiaohong@mybatis.cn  |    0 |      0 | 2020-08-09 15:16:09 | 2020-08-23 22:34:11 |    1 |    1 |
+------------+----------+-------------+----------------------+------+--------+---------------------+---------------------+------+------+
2 rows in set (0.00 sec)

mysql> select * from student;
+------------+----------+-------------+----------------------+------+--------+---------------------+---------------------+------+------+
| student_id | name     | phone       | email                | sex  | locked | gmt_created         | gmt_modified        | cid  | tid  |
+------------+----------+-------------+----------------------+------+--------+---------------------+---------------------+------+------+
|          1 | 小明     | 13821378270 | xiaoming@mybatis.cn  |    1 |      0 | 2020-08-09 15:16:09 | 2020-08-20 22:18:40 |    1 |    1 |
|          2 | 小丽     | 13821378271 | xiaoli@mybatis.cn    |    0 |      0 | 2020-08-09 15:16:09 | 2020-08-20 22:18:40 |    1 |    1 |
|          3 | 小刚     | 13821378272 | xiaogang@mybatis.cn  |    1 |      0 | 2020-08-09 15:16:09 | 2020-08-20 22:18:40 |    1 |    1 |
|          4 | 小花     | 13821378273 | xiaohua@mybatis.cn   |    0 |      0 | 2020-08-09 15:16:09 | 2020-08-20 22:18:40 |    1 |    1 |
|          5 | 小红     | 13821378274 | xiaoqiang@mybatis.cn |    1 |      0 | 2020-08-09 15:16:09 | 2020-08-23 22:38:07 |    1 |    1 |
|          6 | 小红红红 | 13821378275 | xiaohong@mybatis.cn  |    0 |      0 | 2020-08-09 15:16:09 | 2020-08-23 22:34:11 |    1 |    1 |
+------------+----------+-------------+----------------------+------+--------+---------------------+---------------------+------+------+
6 rows in set (0.00 sec)

--%百分号通配符: 表示任何字符出现任意次数 (可以是0次).
--_下划线通配符:表示只能匹配单个字符,不能多也不能少,就是一个字符.
